SQL> create table senior_citizens(sid number(5)
  2  sname varcahr2(20);
sname varcahr2(20)
*
ERROR at line 2:
ORA-00907: missing right parenthesis


SQL> create table senior_citizens(sid number(5),
  2  sname varcahr2(20),
  3  age number(3),
  4  gender varchar2(7),
  5  mobile_number number(10));
sname varcahr2(20),
              *
ERROR at line 2:
ORA-00907: missing right parenthesis


SQL> create table senior_citizens(sid number(5),
  2  sname varcahr2(20),
  3  age number(3),
  4  gender varchar2(7),
  5  mobile_number number(10));
sname varcahr2(20),
              *
ERROR at line 2:
ORA-00907: missing right parenthesis


SQL> create table senior_citizens(sid number(5),
  2  sname varcahr2(20),
  3  age number(3),
  4  gender varchar2(7),
  5  );
sname varcahr2(20),
              *
ERROR at line 2:
ORA-00907: missing right parenthesis


SQL> clear
SQL> create table senior_citizens(sid number(5),
  2  sname varchar2(20),
  3  age number(3),
  4  gender varchar2(8),
  5  mobile(10));
mobile(10))
      *
ERROR at line 5:
ORA-00902: invalid datatype


SQL> create table senior_citizens(sid number(5),
  2  sname varcahr2(20),
  3  age number(3),
  4  gender varchar2(7),
  5  mobile number(10));
sname varcahr2(20),
              *
ERROR at line 2:
ORA-00907: missing right parenthesis


SQL> create table senior_citizens(
  2  sid number(5),
  3  sname varchar2(20),
  4  age number(3),
  5  gender varchar2(8),
  6  mobile number(10));

Table created.

SQL> modify table senior_citizens;
SP2-0734: unknown command beginning "modify tab..." - rest of line ignored.
SQL> alter table senior_citizens add constraint check(age between 50 and 60);
alter table senior_citizens add constraint check(age between 50 and 60)
                                                                      *
ERROR at line 1:
ORA-02438: Column check constraint cannot reference other columns


SQL> alter table senior_citizens add constraint ck_age check(age between 50 and 60);

Table altered.

SQL> alter table senior_citizens add primary key(sid);

Table altered.

SQL> create table medical_history(
  2  mid number(5),
  3  surgeries number(3),
  4  medication_taken varchar2(5));

Table created.

SQL> create table habits(
  2  eating_habits varchar2(10),
  3  sleeping_habits varchar2(10),
  4  exercise_habits varcahr2(10),
  5  smoking_habits varchar2(10),
  6  eating_habits varcahr2(10));
exercise_habits varcahr2(10),
                        *
ERROR at line 4:
ORA-00907: missing right parenthesis


SQL> create table habits(
  2  eating_habits varchar2(10),
  3  sleeping_habits varcahr2(10),
  4  );
sleeping_habits varcahr2(10),
                        *
ERROR at line 3:
ORA-00907: missing right parenthesis


SQL> create table habits(
  2  eating_habits varcahr2(10)),
  3  sleeping_habits varchar2(10),
  4  exercise_habits varchar2);
eating_habits varcahr2(10)),
                      *
ERROR at line 2:
ORA-00907: missing right parenthesis


SQL> create table habits(
  2  eating_habits varchar2(10),
  3  sleeping_habits varchar2(10),
  4  exercise_habits varchar2(10),
  5  drinking_habits varchar2(10),
  6  smoking_habits varchar2(10));

Table created.

SQL> alter table medical_history add primary key(mid);

Table altered.

SQL> create table symptoms
  2  symptom_id number(10),
  3  symptom_name varchar2(10));
symptom_id number(10),
*
ERROR at line 2:
ORA-00922: missing or invalid option


SQL> create table symptoms(
  2  symptom_id number(10),
  3  symptom_name varchar2(10));

Table created.

SQL> alter table senior_citizen modify(mobile varchar2(10));
alter table senior_citizen modify(mobile varchar2(10))
*
ERROR at line 1:
ORA-00942: table or view does not exist


SQL> alter table senior_citizen modify(mobile varchar2);
alter table senior_citizen modify(mobile varchar2)
                                                 *
ERROR at line 1:
ORA-00906: missing left parenthesis


SQL> alter table senior_citizen modify(mobile varchar2);
alter table senior_citizen modify(mobile varchar2)
                                                 *
ERROR at line 1:
ORA-00906: missing left parenthesis


SQL> alter table senior_citizen modify(mobile varchar2(10));
alter table senior_citizen modify(mobile varchar2(10))
*
ERROR at line 1:
ORA-00942: table or view does not exist


SQL> alter table senior_citizens modify(mobile varchar2(10));

Table altered.

SQL> create table family_details(father_name varchar2(20),
  2  mother_name varchar2(20),
  3  coginitive_disorders varchar2(20),
  4  primary key(father_name,sid),
  5  primary key(mother_name,sid),
  6  foreign key(sid) references senior_citizens);
primary key(mother_name,sid),
*
ERROR at line 5:
ORA-02260: table can have only one primary key


SQL> create table family_details(
  2  father_name varchar2(20),
  3  mother_name varchar2(20),
  4  cognitive_disorders varchar2(20),
  5  sid number(5),
  6  primary key(father_name,mother_name,sid),
  7  foreign key(sid) references senior_citizens on delete cascade);

Table created.

SQL> create table senior_medical(
  2  sid number(5),
  3  mid number(5),
  4  primary key(sid,bid),
  5  foreign key(sid) references senior_citizens,
  6  foreign key(mid) references medicay_history,
  7  from date);
from date)
*
ERROR at line 7:
ORA-00904: : invalid identifier


SQL> create table senior_medical(
  2    2  sid number(5),
  3    3  mid number(5),
  4    4  primary key(sid,bid),
  5    5  foreign key(sid) references senior_citizens,
  6    6  foreign key(mid) references medicay_history,
  7    6  foreign key(mid) references medicay_history,);
  2  sid number(5),
  *
ERROR at line 2:
ORA-00904: : invalid identifier


SQL> create table senior_medical(
  2  sid number(5),
  3  mid number(5),
  4  from date,
  5  primary key(sid,bid),
  6  foreign key(sid) references senior_citizens,
  7  foreign key(mid) references medical_history,
  8  on delete cascade);
from date,
*
ERROR at line 4:
ORA-00904: : invalid identifier


SQL> create table senior_medical(
  2  sid number(5),
  3  mid number(5),
  4  fromt date,
  5  primary key(sid,bid),
  6  foreign key(sid) references senior_citizens,
  7  foreign key(mid) references medical_history on delete cascade);
primary key(sid,bid),
                *
ERROR at line 5:
ORA-00904: "BID": invalid identifier


SQL> create table senior_medical(
  2  sid number(5),
  3  mid number(5),
  4  fromt date,
  5  primary key(sid,mid),
  6  foreign key(sid) references senior_citizens,
  7  foreign key (mid) references medical_history);

Table created.

SQL> create table senior_having_habits(
  2  sid number(5),
  3  fromt date,
  4  primary key(sid),
  5  foreign key(sid) references senior_citizens on delete cascade);

Table created.

SQL> alter table symptoms add primary key(symptom_id);

Table altered.

SQL> create table senior_symptoms(
  2  sid number(5),
  3  symptom_id number(5),
  4  since date,
  5  primary key(sid,symptom_id),
  6  foreign key(sid) references senior_citizens(sid),
  7  );
)
*
ERROR at line 7:
ORA-00904: : invalid identifier


SQL> create table senior_symptoms(
  2  sid number(5),
  3  symptom_id number(5),
  4  since date,
  5  primary key(sid,symptom_id),
  6  foreign key(sid) references senior_citizens,
  7  foreign key(symptom_id) references symptoms);

Table created.

SQL>alter table medical_history add cognitive_disorders varchar2(20);

Table altered.

SQL> desc senior_citizens;
 Name                                      Null?    Type
 ----------------------------------------- -------- ----------------------------
 SID                                       NOT NULL NUMBER(5)
 SNAME                                              VARCHAR2(20)
 AGE                                                NUMBER(3)
 GENDER                                             VARCHAR2(8)
 MOBILE                                             VARCHAR2(10)

SQL> desc medical_history;
 Name                                      Null?    Type
 ----------------------------------------- -------- ----------------------------
 MID                                       NOT NULL NUMBER(5)
 SURGERIES                                          NUMBER(3)
 MEDICATION_TAKEN                                   VARCHAR2(5)
 COGNITIVE_DISORDERS                                VARCHAR2(20)

SQL> desc symptoms;
 Name                                      Null?    Type
 ----------------------------------------- -------- ----------------------------
 SYMPTOM_ID                                NOT NULL NUMBER(10)
 SYMPTOM_NAME                                       VARCHAR2(10)

SQL> desc family_details;
 Name                                      Null?    Type
 ----------------------------------------- -------- ----------------------------
 FATHER_NAME                               NOT NULL VARCHAR2(20)
 MOTHER_NAME                               NOT NULL VARCHAR2(20)
 COGNITIVE_DISORDERS                                VARCHAR2(20)
 SID                                       NOT NULL NUMBER(5)

SQL> desc habits;
 Name                                      Null?    Type
 ----------------------------------------- -------- ----------------------------
 EATING_HABITS                                      VARCHAR2(10)
 SLEEPING_HABITS                                    VARCHAR2(10)
 EXERCISE_HABITS                                    VARCHAR2(10)
 DRINKING_HABITS                                    VARCHAR2(10)
 SMOKING_HABITS                                     VARCHAR2(10)

SQL> desc senior_medical;
 Name                                      Null?    Type
 ----------------------------------------- -------- ----------------------------
 SID                                       NOT NULL NUMBER(5)
 MID                                       NOT NULL NUMBER(5)
 FROMT                                              DATE

SQL> desc senior_having_habits;
 Name                                      Null?    Type
 ----------------------------------------- -------- ----------------------------
 SID                                       NOT NULL NUMBER(5)
 FROMT                                              DATE

SQL> desc senior_symptoms;
 Name                                      Null?    Type
 ----------------------------------------- -------- ----------------------------
 SID                                       NOT NULL NUMBER(5)
 SYMPTOM_ID                                NOT NULL NUMBER(5)
 SINCE                                              DATE


SQL> drop table citizen_family_relation;

Table dropped.

SQL> create table citizen_family_relation(
  2  father_name varchar2(20),
  3  mother_name varcahr2(20),
  4  cognitive_disorders varchar2(20),
  5  primary key(father_name,mother_name,sid),
  6  foreign key(father_name) references family_details,
  7  foreign key(mother_name) references family_details);
mother_name varcahr2(20),
                    *
ERROR at line 3:
ORA-00907: missing right parenthesis


SQL> create table citizen_family_relation(
  2  father_name varchar2(20),
  3  mother_name varchar2(20),
  4  cognitive_disorders varchar2(20),
  5  primary key(father_name,mother_name,sid),
  6  foreign key(father_name) references family_details,
  7  foreign key(mother_name) references family_details);
primary key(father_name,mother_name,sid),
                                    *
ERROR at line 5:
ORA-00904: "SID": invalid identifier


SQL> create table citizen_family_relation(
  2  father_name varchar2(20),
  3  mother_name varcahr2(20),
  4  sid number(5),
  5  cognitive_disorders varchar2(20),
  6  primary key(father_name,mother_name,sid),
  7  foreign key(father_name) references family_details,
  8  foreign key(mother_name) references family_details);
mother_name varcahr2(20),
                    *
ERROR at line 3:
ORA-00907: missing right parenthesis


SQL> create table citizen_family_relation(
  2  father_name varchar2(20),
  3  mother_name varchar2(20),
  4  sid number(5),
  5  cognitive_disorders varchar2(20),
  6  primary key(father_name,mother_name,sid),
  7  foreign key(father_name) references family_details,
  8  foreign key(mother_name) references family_details);
foreign key(father_name) references family_details,
                                    *
ERROR at line 7:
ORA-02256: number of referencing columns must match referenced columns


SQL> create table citizen_family_relation(
  2  father_name varchar2(20),
  3  mother_name varchar2(20),
  4  sid number(5),
  5  cognitive_disorders varchar2(20),
  6  primary key(father_name,mother_name,sid),
  7  foreign key(father_name,mother_name) references family_details);
foreign key(father_name,mother_name) references family_details)
                                                *
ERROR at line 7:
ORA-02256: number of referencing columns must match referenced columns


SQL> create table citizen_family_realaation(
  2  father_name varchar2(20),
  3  mother_name varchar2(20),
  4  sid number(5),
  5  coginitive_disorders varchar2(20),
  6  primary key(father_name,mother_name),
  7  foreign key(father_name) references family_details);
foreign key(father_name) references family_details)
                                    *
ERROR at line 7:
ORA-02256: number of referencing columns must match referenced columns


SQL> create table ciizen_family_relation(
  2  ;

*
ERROR at line 2:
ORA-00904: : invalid identifier


SQL> insert into senior_citizens values(&sid,'&sname',&age,'&gender','&mobil
e');
Enter value for sid: ;
Enter value for sname: ;
Enter value for age: ;
Enter value for gender: ;
Enter value for mobile: ;
old   1: insert into senior_citizens values(&sid,'&sname',&age,'&gender','&mobile')
new   1: insert into senior_citizens values(;,';',;,';',';')
insert into senior_citizens values(;,';',;,';',';')
                                   *
ERROR at line 1:
ORA-00911: invalid character


SQL> insert into senior_citizens values(&sid,'&sname',&age,'&gender','&mobile');
Enter value for sid: 1
Enter value for sname: manish
Enter value for age: 56
Enter value for gender: male
Enter value for mobile: 1234567890
old   1: insert into senior_citizens values(&sid,'&sname',&age,'&gender','&mobile')
new   1: insert into senior_citizens values(1,'manish',56,'male','1234567890')

1 row created.

SQL> /
Enter value for sid: 2
Enter value for sname: ravindra
Enter value for age: 51
Enter value for gender: male
Enter value for mobile: 9867542310
old   1: insert into senior_citizens values(&sid,'&sname',&age,'&gender','&mobile')
new   1: insert into senior_citizens values(2,'ravindra',51,'male','9867542310')

1 row created.

SQL> /
Enter value for sid: 3
Enter value for sname: suhasini
Enter value for age: 58
Enter value for gender: female
Enter value for mobile: 4356279120
old   1: insert into senior_citizens values(&sid,'&sname',&age,'&gender','&mobile')
new   1: insert into senior_citizens values(3,'suhasini',58,'female','4356279120')

1 row created.

SQL> /
Enter value for sid: 4
Enter value for sname: samyuktha
Enter value for age: 55
Enter value for gender: female
Enter value for mobile: 987654320
old   1: insert into senior_citizens values(&sid,'&sname',&age,'&gender','&mobile')
new   1: insert into senior_citizens values(4,'samyuktha',55,'female','987654320')

1 row created.

SQL> /
Enter value for sid: 5
Enter value for sname: suresh
Enter value for age: 57
Enter value for gender: male
Enter value for mobile: 8787878787
old   1: insert into senior_citizens values(&sid,'&sname',&age,'&gender','&mobile')
new   1: insert into senior_citizens values(5,'suresh',57,'male','8787878787')

1 row created.

SQL> insert into medical_history values(&mid,&surgeries,'&medication_taken')
;
Enter value for mid: 1
Enter value for surgeries: 3
Enter value for medication_taken: homeopathy
old   1: insert into medical_history values(&mid,&surgeries,'&medication_taken')
new   1: insert into medical_history values(1,3,'homeopathy')
insert into medical_history values(1,3,'homeopathy')
            *
ERROR at line 1:
ORA-00947: not enough values


SQL> alter table medical_history drop medication_taken;
alter table medical_history drop medication_taken
                                 *
ERROR at line 1:
ORA-00905: missing keyword


SQL> alter table medical_history drop column medication_taken;
alter table medical_history drop column medication_taken
*
ERROR at line 1:
ORA-12988: cannot drop column from table owned by SYS


SQL> alter table medical_history modify(medication_taken varchar2(20));

Table altered.

SQL> insert into medical_history values(&mid,&surgeries,'&medication_taken');
Enter value for mid: 1
Enter value for surgeries: 3
Enter value for medication_taken: homeopathy
old   1: insert into medical_history values(&mid,&surgeries,'&medication_taken')
new   1: insert into medical_history values(1,3,'homeopathy')
insert into medical_history values(1,3,'homeopathy')
            *
ERROR at line 1:
ORA-00947: not enough values


SQL> insert into habits values('&eating_habits','&sleeping_habits','&exercis
e_habits','&smoking_habits','&eating_habits');
Enter value for eating_habits: 3 times a day
Enter value for sleeping_habits: 8 hours a day
Enter value for exercise_habits: early morning
Enter value for smoking_habits: no
Enter value for eating_habits: no
old   1: insert into habits values('&eating_habits','&sleeping_habits','&exercise_habits','&smoking_habits','&eating_habits')
new   1: insert into habits values('3 times a day','8 hours a day','early morning','no','no')
insert into habits values('3 times a day','8 hours a day','early morning','no','no')
                          *
ERROR at line 1:
ORA-12899: value too large for column "SYS"."HABITS"."EATING_HABITS" (actual:
13, maximum: 10)


SQL> alter table habits modify(eating_habits varchar2(50));

Table altered.

SQL> alter table habits modify(sleeping_habits varchar2(50));

Table altered.

SQL> alter table habits modify(exercise_habits varchar2(50));

Table altered.

SQL> alter table habits modify(smoking_habits varchar2(50));

Table altered.

SQL> alter table habits modify(eating_habits varchar2(50));

Table altered.

SQL> insert into habits values('&eating_habits','&sleeping_habits','&exercise_habits','&smoking_habits','&eating_habits');
Enter value for eating_habits: 3 times a day
Enter value for sleeping_habits: 8 hours a day
Enter value for exercise_habits: early morning 2 hours
Enter value for smoking_habits: no
Enter value for eating_habits: no
old   1: insert into habits values('&eating_habits','&sleeping_habits','&exercise_habits','&smoking_habits','&eating_habits')
new   1: insert into habits values('3 times a day','8 hours a day','early morning 2 hours','no','no')

1 row created.

SQL> /
Enter value for eating_habits: 2 times a day
Enter value for sleeping_habits: 6 hours a day
Enter value for exercise_habits: early morning 1 hour
Enter value for smoking_habits: yes
Enter value for eating_habits: no
old   1: insert into habits values('&eating_habits','&sleeping_habits','&exercise_habits','&smoking_habits','&eating_habits')
new   1: insert into habits values('2 times a day','6 hours a day','early morning 1 hour','yes','no')

1 row created.

SQL> delete table habits;
delete table habits
       *
ERROR at line 1:
ORA-00903: invalid table name


SQL> delete habits;

2 rows deleted.

SQL> select *from habits;

no rows selected

SQL> insert into habits values('&eating_habits','&sleeping_habits','&exercise_habits','&smoking_habits','&eating_habits');
Enter value for eating_habits: ;
Enter value for sleeping_habits: ;
Enter value for exercise_habits: ;
Enter value for smoking_habits: ;
Enter value for eating_habits: ;
old   1: insert into habits values('&eating_habits','&sleeping_habits','&exercise_habits','&smoking_habits','&eating_habits')
new   1: insert into habits values(';',';',';',';',';')

1 row created.

SQL> alter table habits modify(eating_habits varchar2(60));

Table altered.

SQL> alter table habits modify(sleeping_habits varchar2(60));

Table altered.

SQL> alter table habits modify(exercise_habits varchar2(60));

Table altered.

SQL> alter table habits drop eating_habits;
alter table habits drop eating_habits
                        *
ERROR at line 1:
ORA-00905: missing keyword


SQL> alter table habits,drop eating_habits;
alter table habits,drop eating_habits
                  *
ERROR at line 1:
ORA-01735: invalid ALTER TABLE option


SQL> alter table habits drop column eating_habits;
alter table habits drop column eating_habits
*
ERROR at line 1:
ORA-12988: cannot drop column from table owned by SYS


SQL> desc habits;
 Name                                      Null?    Type
 ----------------------------------------- -------- ----------------------------
 EATING_HABITS                                      VARCHAR2(60)
 SLEEPING_HABITS                                    VARCHAR2(60)
 EXERCISE_HABITS                                    VARCHAR2(60)
 DRINKING_HABITS                                    VARCHAR2(10)
 SMOKING_HABITS                                     VARCHAR2(50)

SQL> insert into habits values('&eating_habits','&sleeping_habits','&exercise_habits','&smoking_habits','&smoking_habits');
Enter value for eating_habits: 2 times a day
Enter value for sleeping_habits: 6 hours a day
Enter value for exercise_habits: early morning 1 hour
Enter value for smoking_habits: yes
Enter value for smoking_habits: no
old   1: insert into habits values('&eating_habits','&sleeping_habits','&exercise_habits','&smoking_habits','&smoking_habits')
new   1: insert into habits values('2 times a day','6 hours a day','early morning 1 hour','yes','no')

1 row created.

SQL> /
Enter value for eating_habits: 3 times a day
Enter value for sleeping_habits: 8 hours a day
Enter value for exercise_habits: early morning 2 hours
Enter value for smoking_habits: no
Enter value for smoking_habits: no
old   1: insert into habits values('&eating_habits','&sleeping_habits','&exercise_habits','&smoking_habits','&smoking_habits')
new   1: insert into habits values('3 times a day','8 hours a day','early morning 2 hours','no','no')

1 row created.

SQL> /
Enter value for eating_habits: 3 times a day
Enter value for sleeping_habits: 4 hours a day
Enter value for exercise_habits: no i dont exercise
Enter value for smoking_habits: yes
Enter value for smoking_habits: yes
old   1: insert into habits values('&eating_habits','&sleeping_habits','&exercise_habits','&smoking_habits','&smoking_habits')
new   1: insert into habits values('3 times a day','4 hours a day','no i dont exercise','yes','yes')

1 row created.

SQL> /
Enter value for eating_habits: 1 time a day
Enter value for sleeping_habits: 7 hours a day
Enter value for exercise_habits: 3 hours a day
Enter value for smoking_habits: no
Enter value for smoking_habits: yes
old   1: insert into habits values('&eating_habits','&sleeping_habits','&exercise_habits','&smoking_habits','&smoking_habits')
new   1: insert into habits values('1 time a day','7 hours a day','3 hours a day','no','yes')

1 row created.

SQL> /
Enter value for eating_habits: 2 time a day only non-veg
Enter value for sleeping_habits: 9 hours a day
Enter value for exercise_habits: no
Enter value for smoking_habits: no
Enter value for smoking_habits: no
old   1: insert into habits values('&eating_habits','&sleeping_habits','&exercise_habits','&smoking_habits','&smoking_habits')
new   1: insert into habits values('2 time a day only non-veg','9 hours a day','no','no','no')

1 row created.

SQL> insert into medical_history(&mid,&surgeries,&'&medication_taken','&cogn
itive_disorders');
Enter value for mid: 1
Enter value for surgeries: 2
Enter value for medication_taken: homeopathy
Enter value for cognitive_disorders: eye sight
old   1: insert into medical_history(&mid,&surgeries,&'&medication_taken','&cognitive_disorders')
new   1: insert into medical_history(1,2,&'homeopathy','eye sight')
insert into medical_history(1,2,&'homeopathy','eye sight')
                            *
ERROR at line 1:
ORA-00928: missing SELECT keyword


SQL> insert into medical_history(&mid,&surgeries,'&medication_taken','&cognitive_disorders');
Enter value for mid: 1
Enter value for surgeries: 2
Enter value for medication_taken: homeopathy
Enter value for cognitive_disorders: gastric problem
old   1: insert into medical_history(&mid,&surgeries,'&medication_taken','&cognitive_disorders')
new   1: insert into medical_history(1,2,'homeopathy','gastric problem')
insert into medical_history(1,2,'homeopathy','gastric problem')
                            *
ERROR at line 1:
ORA-00928: missing SELECT keyword


SQL> insert into family_details values('&father name','&mother_name','&cogni
tive_disorders',&sid);
Enter value for father: ramesh
Enter value for mother_name: malli
Enter value for cognitive_disorders: no
Enter value for sid: 1
old   1: insert into family_details values('&father name','&mother_name','&cognitive_disorders',&sid)
new   1: insert into family_details values('ramesh name','malli','no',1)

1 row created.

SQL> /
Enter value for father: mallanna
Enter value for mother_name: kumari
Enter value for cognitive_disorders: heart
Enter value for sid: 2
old   1: insert into family_details values('&father name','&mother_name','&cognitive_disorders',&sid)
new   1: insert into family_details values('mallanna name','kumari','heart',2)

1 row created.

SQL> /
Enter value for father: vikram
Enter value for mother_name: sandhya
Enter value for cognitive_disorders: no
Enter value for sid: 3
old   1: insert into family_details values('&father name','&mother_name','&cognitive_disorders',&sid)
new   1: insert into family_details values('vikram name','sandhya','no',3)

1 row created.

SQL> /
Enter value for father: vikas
Enter value for mother_name: rupa
Enter value for cognitive_disorders: lungdisease
Enter value for sid: 4
old   1: insert into family_details values('&father name','&mother_name','&cognitive_disorders',&sid)
new   1: insert into family_details values('vikas name','rupa','lungdisease',4)

1 row created.

SQL> /
Enter value for father: vivek
Enter value for mother_name: varnitha
Enter value for cognitive_disorders: no
Enter value for sid: 5
old   1: insert into family_details values('&father name','&mother_name','&cognitive_disorders',&sid)
new   1: insert into family_details values('vivek name','varnitha','no',5)

1 row created.

SQL> insert into symptoms values(&symptom_id,'&symptom_name');
Enter value for symptom_id: 11
Enter value for symptom_name: cold
old   1: insert into symptoms values(&symptom_id,'&symptom_name')
new   1: insert into symptoms values(11,'cold')

1 row created.

SQL> /
Enter value for symptom_id: 12
Enter value for symptom_name: high bp
old   1: insert into symptoms values(&symptom_id,'&symptom_name')
new   1: insert into symptoms values(12,'high bp')

1 row created.

SQL> /
Enter value for symptom_id: 13
Enter value for symptom_name: cough
old   1: insert into symptoms values(&symptom_id,'&symptom_name')
new   1: insert into symptoms values(13,'cough')

1 row created.

SQL> /
Enter value for symptom_id: 14
Enter value for symptom_name: bodypains
old   1: insert into symptoms values(&symptom_id,'&symptom_name')
new   1: insert into symptoms values(14,'bodypains')

1 row created.

SQL> /
Enter value for symptom_id: 15
Enter value for symptom_name: breathing
old   1: insert into symptoms values(&symptom_id,'&symptom_name')
new   1: insert into symptoms values(15,'breathing')

1 row created.

SQL>




